// Jest Snapshot v1, https://goo.gl/fbAQLP

exports[`Main should match the snapshot 1`] = `
<div>
  <div
    class="sc-bdvvtL gSKxLG"
  >
    <div
      class="MuiGrid-root MuiGrid-container MuiGrid-spacing-xs-3 css-zow5z4-MuiGrid-root"
    >
      <div
        class="MuiGrid-root MuiGrid-item MuiGrid-grid-xs-12 css-1idn90j-MuiGrid-root"
      >
        <h1
          class="sc-gsDKAQ eOEXXy"
        >
          nuffsaid.com Coding Challenge
        </h1>
        <hr />
      </div>
      <div
        class="MuiGrid-root MuiGrid-item MuiGrid-grid-xs-12 css-bj7xu4-MuiGrid-root"
      >
        <button
          class="sc-dkPtRN gLjNRF"
        >
          STOP
        </button>
        <button
          class="sc-dkPtRN gLjNRF"
        >
          CLEAR
        </button>
      </div>
      <div
        class="MuiGrid-root MuiGrid-item MuiGrid-grid-xs-4 css-gj1fbr-MuiGrid-root"
      >
        <p
          class="sc-iCfMLu ftFgRh"
        >
          Error Type 1
        </p>
        <p>
          Count: 
          0
        </p>
      </div>
      <div
        class="MuiGrid-root MuiGrid-item MuiGrid-grid-xs-4 css-gj1fbr-MuiGrid-root"
      >
        <p
          class="sc-iCfMLu ftFgRh"
        >
          Warning Type 2
        </p>
        <p>
          Count: 
          0
        </p>
      </div>
      <div
        class="MuiGrid-root MuiGrid-item MuiGrid-grid-xs-4 css-gj1fbr-MuiGrid-root"
      >
        <p
          class="sc-iCfMLu ftFgRh"
        >
          Info Type 3
        </p>
        <p>
          Count: 
          0
        </p>
      </div>
    </div>
  </div>
</div>
`;
