// Jest Snapshot v1, https://goo.gl/fbAQLP

exports[`MessageColumn should match the snapshot 1`] = `
<div>
  <div
    class="MuiGrid-root MuiGrid-item MuiGrid-grid-xs-4 css-gj1fbr-MuiGrid-root"
  >
    <p
      class="sc-eCImPb bqPGal"
    >
      Error Type 1
    </p>
    <p>
      Count: 
      1
    </p>
    <div
      class="sc-bdvvtL cEtDrJ"
      data-testid="box-priority"
    >
      Et aut quo laboriosam at ut.
      <div
        class="sc-dkPtRN hTkFqo"
      >
        <a
          class="sc-gsDKAQ hPlvSa"
          data-testid="clear-button"
        >
          Clear
        </a>
      </div>
    </div>
  </div>
  <div
    class="MuiGrid-root MuiGrid-item MuiGrid-grid-xs-4 css-gj1fbr-MuiGrid-root"
  >
    <p
      class="sc-eCImPb bqPGal"
    >
      Warning Type 2
    </p>
    <p>
      Count: 
      1
    </p>
    <div
      class="sc-bdvvtL ennugk"
      data-testid="box-priority"
    >
      Dolor quo est expedita nostrum corrupti.
      <div
        class="sc-dkPtRN hTkFqo"
      >
        <a
          class="sc-gsDKAQ hPlvSa"
          data-testid="clear-button"
        >
          Clear
        </a>
      </div>
    </div>
  </div>
  <div
    class="MuiGrid-root MuiGrid-item MuiGrid-grid-xs-4 css-gj1fbr-MuiGrid-root"
  >
    <p
      class="sc-eCImPb bqPGal"
    >
      Info Type 3
    </p>
    <p>
      Count: 
      1
    </p>
    <div
      class="sc-bdvvtL jfgNCI"
      data-testid="box-priority"
    >
      Recusandae iure et.
      <div
        class="sc-dkPtRN hTkFqo"
      >
        <a
          class="sc-gsDKAQ hPlvSa"
          data-testid="clear-button"
        >
          Clear
        </a>
      </div>
    </div>
  </div>
</div>
`;
